     1                                  section .text
     2                                  
     3                                  global asm_get_crc32_hash
     4                                  
     5                                  ;===============================================
     6                                  ; Entry: rdi - pointer on the word_t
     7                                  
     8                                  asm_get_crc32_hash:
     9                                  
    10 00000000 B8FFFFFFFF                      mov rax, 0xFFFFFFFF
    11 00000005 488B4F08                        mov rcx, qword [rdi + 8]
    12 00000009 488B37                          mov rsi, qword [rdi]
    13                                  .hash:
    14 0000000C F20F38F006                      crc32 eax, byte [rsi]
    15 00000011 4883C601                        add rsi, 0x1
    16 00000015 E2F5                            loop .hash
    17                                  
    18 00000017 C3                              ret
    19                                  
